{
  "capabilities": [
    {
      "name": "Deployment",
      "status": "ok",
      "checks": [
        {"name": "Topo", "location": "host", "status": "ok", "value": "topo"},
        {"name": "OpenSSH", "location": "host", "status": "ok", "value": "ssh"},
        {"name": "Docker CLI", "location": "host", "status": "ok", "value": "docker"},
        {"name": "Docker daemon", "location": "host", "status": "ok", "value": "reachable"},
        {"name": "Docker Compose", "location": "host", "status": "ok", "value": "docker compose"},
        {"name": "Connectivity", "location": "target", "status": "ok", "value": "TARGET_DESTINATION"},
        {"name": "Docker daemon", "location": "target", "status": "ok", "value": "reachable"},
        {"name": "Processing Domain Driver (remoteproc)", "location": "target", "status": "info", "value": "no remoteproc devices found"}
      ]
    },
    {
      "name": "Project management",
      "status": "ok",
      "checks": [
        {"name": "OpenSSH", "location": "host", "status": "ok", "value": "ssh"},
        {"name": "Connectivity", "location": "target", "status": "ok", "value": "TARGET_DESTINATION"},
        {"name": "Hardware Info", "location": "target", "status": "ok", "value": "lscpu"}
      ]
    }
  ]
}
